<h1>pymdgen.test_module</h1>
<p>A module to use as a target during unit tests</p>
<h2>dummy</h2>
<p><code>dummy(__builtin__.object)</code></p>
<p>this is a dummy class </p>
<h3>Attributes</h3>
<ul>
<li><strong>test_property</strong> (<code>prop Instance</code>): property help</li>
</ul>
<h3>Methods and Properties</h3>
<h4>dummy_method</h4>
<p><code>dummy_method(self)</code></p>
<p>this is a dummy func </p>
<hr />
<h2>dummy_func</h2>
<p><code>dummy_func()</code></p>
<p>this is a dummy func </p>
<hr />
